2026-08-17 03:00:56 UTC | Cron doesn't sleep, and neither do good backends.
2026-08-17 03:53:02 UTC | Premature optimization is the root of all evil. — Donald Knuth
2026-08-17 04:42:35 UTC | Code is like humor. When you have to explain it, it's bad. — Cory House
2026-08-17 05:35:46 UTC | Move fast and don't break the build. — Sandeep
2026-08-17 06:57:34 UTC | First, solve the problem. Then, write the code. — John Johnson
2026-08-17 07:53:43 UTC | The best error message is the one that never shows up. — Thomas Fuchs
2026-08-17 08:45:07 UTC | Any fool can write code that a computer can understand. Good programmers write code that humans can understand. — Martin Fowler
2026-08-17 09:42:32 UTC | Code is like humor. When you have to explain it, it's bad. — Cory House
2026-08-17 10:33:16 UTC | The graph stays green when discipline stays daily.
2026-08-17 11:27:06 UTC | Ship small. Ship often. Ship green.
2026-08-17 12:46:13 UTC | Premature optimization is the root of all evil. — Donald Knuth
2026-08-17 13:39:42 UTC | Latency is a feature — until it isn't.
2026-08-17 14:29:13 UTC | Premature optimization is the root of all evil. — Donald Knuth
2026-08-17 15:26:11 UTC | The graph stays green when discipline stays daily.
2026-08-17 16:28:50 UTC | Make it work, make it right, make it fast. — Kent Beck
2026-08-17 17:27:24 UTC | Make it work, make it right, make it fast. — Kent Beck
2026-08-17 18:41:01 UTC | Any fool can write code that a computer can understand. Good programmers write code that humans can understand. — Martin Fowler
2026-08-17 19:28:59 UTC | Make it work, make it right, make it fast. — Kent Beck
2026-08-17 20:28:21 UTC | Cron doesn't sleep, and neither do good backends.
2026-08-17 21:27:13 UTC | Cron doesn't sleep, and neither do good backends.
2026-08-17 22:26:04 UTC | The graph stays green when discipline stays daily.
2026-08-17 23:23:59 UTC | Code is like humor. When you have to explain it, it's bad. — Cory House
2026-08-18 01:17:14 UTC | Move fast and don't break the build. — Sandeep
2026-08-18 02:56:25 UTC | First, solve the problem. Then, write the code. — John Johnson
2026-08-18 03:45:16 UTC | Programs must be written for people to read. — Harold Abelson
2026-08-18 04:36:23 UTC | The best error message is the one that never shows up. — Thomas Fuchs
2026-08-18 05:30:44 UTC | Make it work, make it right, make it fast. — Kent Beck
2026-08-18 06:44:27 UTC | Make it work, make it right, make it fast. — Kent Beck
2026-08-18 07:38:37 UTC | Code is like humor. When you have to explain it, it's bad. — Cory House
2026-08-18 08:38:07 UTC | Ship small. Ship often. Ship green.
2026-08-18 09:34:37 UTC | First, solve the problem. Then, write the code. — John Johnson
2026-08-18 10:30:05 UTC | Any fool can write code that a computer can understand. Good programmers write code that humans can understand. — Martin Fowler
2026-08-18 11:26:26 UTC | Code is like humor. When you have to explain it, it's bad. — Cory House
2026-08-18 12:48:36 UTC | First, solve the problem. Then, write the code. — John Johnson
2026-08-18 13:42:49 UTC | Programs must be written for people to read. — Harold Abelson
2026-08-18 14:34:43 UTC | Cron doesn't sleep, and neither do good backends.
2026-08-18 15:32:45 UTC | Simplicity is the soul of efficiency. — Austin Freeman
2026-08-18 16:32:43 UTC | Talk is cheap. Show me the code. — Linus Torvalds
2026-08-18 17:28:11 UTC | Programs must be written for people to read. — Harold Abelson
2026-08-18 18:39:16 UTC | The graph stays green when discipline stays daily.
2026-08-18 19:28:33 UTC | The graph stays green when discipline stays daily.
2026-08-18 20:25:31 UTC | Talk is cheap. Show me the code. — Linus Torvalds
2026-08-18 21:25:41 UTC | Programs must be written for people to read. — Harold Abelson
2026-08-18 22:24:55 UTC | Code is like humor. When you have to explain it, it's bad. — Cory House
2026-08-18 23:23:10 UTC | First, solve the problem. Then, write the code. — John Johnson
2026-08-19 01:19:20 UTC | Move fast and don't break the build. — Sandeep
2026-08-19 02:58:02 UTC | Move fast and don't break the build. — Sandeep
2026-08-19 03:47:35 UTC | The graph stays green when discipline stays daily.
2026-08-19 04:38:06 UTC | Talk is cheap. Show me the code. — Linus Torvalds
2026-08-19 05:31:27 UTC | The best error message is the one that never shows up. — Thomas Fuchs
2026-08-19 06:45:48 UTC | Premature optimization is the root of all evil. — Donald Knuth
2026-08-19 07:39:08 UTC | Any fool can write code that a computer can understand. Good programmers write code that humans can understand. — Martin Fowler
2026-08-19 08:38:47 UTC | Ship small. Ship often. Ship green.
2026-08-19 09:35:02 UTC | Simplicity is the soul of efficiency. — Austin Freeman
2026-08-19 10:29:50 UTC | Ship small. Ship often. Ship green.
2026-08-19 11:26:00 UTC | First, solve the problem. Then, write the code. — John Johnson
2026-08-19 12:49:59 UTC | Premature optimization is the root of all evil. — Donald Knuth
2026-08-19 13:44:42 UTC | Any fool can write code that a computer can understand. Good programmers write code that humans can understand. — Martin Fowler
2026-08-19 14:34:56 UTC | The best error message is the one that never shows up. — Thomas Fuchs
2026-08-19 15:32:28 UTC | Move fast and don't break the build. — Sandeep
2026-08-19 16:32:35 UTC | Cron doesn't sleep, and neither do good backends.
2026-08-19 17:27:53 UTC | Code is like humor. When you have to explain it, it's bad. — Cory House
2026-08-19 18:37:09 UTC | Move fast and don't break the build. — Sandeep
2026-08-19 19:26:35 UTC | Talk is cheap. Show me the code. — Linus Torvalds
2026-08-19 20:29:21 UTC | Talk is cheap. Show me the code. — Linus Torvalds
2026-08-19 21:26:08 UTC | Simplicity is the soul of efficiency. — Austin Freeman
2026-08-19 22:26:07 UTC | Latency is a feature — until it isn't.
2026-08-19 23:23:42 UTC | Cron doesn't sleep, and neither do good backends.
2026-08-20 01:18:27 UTC | Cron doesn't sleep, and neither do good backends.
2026-08-20 02:57:42 UTC | Latency is a feature — until it isn't.
2026-08-20 03:47:46 UTC | First, solve the problem. Then, write the code. — John Johnson
2026-08-20 04:38:20 UTC | Ship small. Ship often. Ship green.
2026-08-20 05:32:01 UTC | The best error message is the one that never shows up. — Thomas Fuchs
2026-08-20 06:48:30 UTC | Cron doesn't sleep, and neither do good backends.
2026-08-20 07:41:34 UTC | Talk is cheap. Show me the code. — Linus Torvalds
2026-08-20 08:39:47 UTC | Cron doesn't sleep, and neither do good backends.
2026-08-20 09:35:42 UTC | Move fast and don't break the build. — Sandeep
2026-08-20 10:31:55 UTC | Premature optimization is the root of all evil. — Donald Knuth
2026-08-20 11:27:44 UTC | Make it work, make it right, make it fast. — Kent Beck
2026-08-20 12:52:01 UTC | Latency is a feature — until it isn't.
2026-08-20 13:48:39 UTC | Premature optimization is the root of all evil. — Donald Knuth
2026-08-20 14:37:14 UTC | The graph stays green when discipline stays daily.
2026-08-20 15:34:34 UTC | First, solve the problem. Then, write the code. — John Johnson
2026-08-20 16:36:29 UTC | Ship small. Ship often. Ship green.
2026-08-20 17:30:24 UTC | Move fast and don't break the build. — Sandeep
2026-08-20 18:40:52 UTC | Premature optimization is the root of all evil. — Donald Knuth
2026-08-20 19:32:33 UTC | Latency is a feature — until it isn't.
2026-08-20 20:29:28 UTC | Programs must be written for people to read. — Harold Abelson
2026-08-20 21:28:49 UTC | Cron doesn't sleep, and neither do good backends.
2026-08-20 22:29:12 UTC | Programs must be written for people to read. — Harold Abelson
2026-08-20 23:26:19 UTC | Move fast and don't break the build. — Sandeep
2026-08-21 01:22:14 UTC | Premature optimization is the root of all evil. — Donald Knuth
2026-08-21 03:03:50 UTC | Ship small. Ship often. Ship green.
2026-08-21 03:55:58 UTC | Any fool can write code that a computer can understand. Good programmers write code that humans can understand. — Martin Fowler
2026-08-21 04:39:01 UTC | The graph stays green when discipline stays daily.
2026-08-21 05:33:35 UTC | The best error message is the one that never shows up. — Thomas Fuchs
2026-08-21 06:50:02 UTC | Latency is a feature — until it isn't.
2026-08-21 07:43:17 UTC | Programs must be written for people to read. — Harold Abelson
2026-08-21 08:41:38 UTC | Simplicity is the soul of efficiency. — Austin Freeman
2026-08-21 09:37:40 UTC | Simplicity is the soul of efficiency. — Austin Freeman
2026-08-21 10:31:47 UTC | Programs must be written for people to read. — Harold Abelson
2026-08-21 11:27:39 UTC | Ship small. Ship often. Ship green.
2026-08-21 12:50:15 UTC | Latency is a feature — until it isn't.
2026-08-21 13:46:22 UTC | First, solve the problem. Then, write the code. — John Johnson
2026-08-21 14:36:11 UTC | The best error message is the one that never shows up. — Thomas Fuchs
2026-08-21 15:34:35 UTC | Talk is cheap. Show me the code. — Linus Torvalds
2026-08-21 16:35:43 UTC | Talk is cheap. Show me the code. — Linus Torvalds
2026-08-21 17:30:01 UTC | Simplicity is the soul of efficiency. — Austin Freeman
2026-08-21 18:37:43 UTC | Move fast and don't break the build. — Sandeep
2026-08-21 19:26:29 UTC | Ship small. Ship often. Ship green.
2026-08-21 20:27:00 UTC | Cron doesn't sleep, and neither do good backends.
2026-08-21 21:25:36 UTC | Simplicity is the soul of efficiency. — Austin Freeman
2026-08-21 22:26:15 UTC | Talk is cheap. Show me the code. — Linus Torvalds
2026-08-21 23:24:52 UTC | Make it work, make it right, make it fast. — Kent Beck
2026-08-22 01:17:39 UTC | Any fool can write code that a computer can understand. Good programmers write code that humans can understand. — Martin Fowler
2026-08-22 02:55:10 UTC | Ship small. Ship often. Ship green.
2026-08-22 03:42:19 UTC | Premature optimization is the root of all evil. — Donald Knuth
2026-08-22 04:33:51 UTC | Code is like humor. When you have to explain it, it's bad. — Cory House
2026-08-22 05:28:43 UTC | First, solve the problem. Then, write the code. — John Johnson
2026-08-22 06:41:12 UTC | Programs must be written for people to read. — Harold Abelson
2026-08-22 07:32:17 UTC | The graph stays green when discipline stays daily.
2026-08-22 08:31:19 UTC | Cron doesn't sleep, and neither do good backends.
2026-08-22 09:27:17 UTC | First, solve the problem. Then, write the code. — John Johnson
2026-08-22 10:24:34 UTC | The graph stays green when discipline stays daily.
2026-08-22 11:21:27 UTC | Talk is cheap. Show me the code. — Linus Torvalds
2026-08-22 12:41:06 UTC | Any fool can write code that a computer can understand. Good programmers write code that humans can understand. — Martin Fowler
2026-08-22 13:32:52 UTC | Cron doesn't sleep, and neither do good backends.
2026-08-22 14:22:21 UTC | Ship small. Ship often. Ship green.
2026-08-22 15:21:58 UTC | The graph stays green when discipline stays daily.
2026-08-22 16:25:52 UTC | Any fool can write code that a computer can understand. Good programmers write code that humans can understand. — Martin Fowler
2026-08-22 17:21:21 UTC | The graph stays green when discipline stays daily.
2026-08-22 18:31:57 UTC | Any fool can write code that a computer can understand. Good programmers write code that humans can understand. — Martin Fowler
2026-08-22 19:23:11 UTC | Cron doesn't sleep, and neither do good backends.
2026-08-22 20:24:06 UTC | Cron doesn't sleep, and neither do good backends.
2026-08-22 21:22:30 UTC | The best error message is the one that never shows up. — Thomas Fuchs
2026-08-22 22:22:47 UTC | Talk is cheap. Show me the code. — Linus Torvalds
2026-08-22 23:21:34 UTC | Any fool can write code that a computer can understand. Good programmers write code that humans can understand. — Martin Fowler
2026-08-23 01:24:53 UTC | Latency is a feature — until it isn't.
2026-08-23 03:03:36 UTC | Ship small. Ship often. Ship green.
2026-08-23 03:56:13 UTC | Code is like humor. When you have to explain it, it's bad. — Cory House
2026-08-23 04:38:22 UTC | Code is like humor. When you have to explain it, it's bad. — Cory House
2026-08-23 05:30:26 UTC | Any fool can write code that a computer can understand. Good programmers write code that humans can understand. — Martin Fowler
2026-08-23 06:41:54 UTC | Cron doesn't sleep, and neither do good backends.
2026-08-23 07:33:53 UTC | Premature optimization is the root of all evil. — Donald Knuth
2026-08-23 08:31:31 UTC | Code is like humor. When you have to explain it, it's bad. — Cory House
2026-08-23 09:29:09 UTC | The graph stays green when discipline stays daily.
2026-08-23 10:25:11 UTC | Latency is a feature — until it isn't.
2026-08-23 11:21:30 UTC | Any fool can write code that a computer can understand. Good programmers write code that humans can understand. — Martin Fowler
2026-08-23 12:41:40 UTC | Ship small. Ship often. Ship green.
2026-08-23 13:38:06 UTC | First, solve the problem. Then, write the code. — John Johnson
2026-08-23 14:24:14 UTC | Move fast and don't break the build. — Sandeep
2026-08-23 15:23:39 UTC | First, solve the problem. Then, write the code. — John Johnson
2026-08-23 16:27:17 UTC | First, solve the problem. Then, write the code. — John Johnson
2026-08-23 17:20:59 UTC | Move fast and don't break the build. — Sandeep
2026-08-23 18:31:10 UTC | Programs must be written for people to read. — Harold Abelson
2026-08-23 19:22:39 UTC | Code is like humor. When you have to explain it, it's bad. — Cory House
2026-08-23 20:24:15 UTC | Ship small. Ship often. Ship green.
2026-08-23 21:22:36 UTC | Any fool can write code that a computer can understand. Good programmers write code that humans can understand. — Martin Fowler
2026-08-23 22:22:56 UTC | Cron doesn't sleep, and neither do good backends.
2026-08-23 23:21:41 UTC | Code is like humor. When you have to explain it, it's bad. — Cory House
2026-08-24 01:22:13 UTC | First, solve the problem. Then, write the code. — John Johnson
2026-08-24 03:04:30 UTC | The best error message is the one that never shows up. — Thomas Fuchs
2026-08-24 04:00:44 UTC | Move fast and don't break the build. — Sandeep
2026-08-24 04:49:05 UTC | Code is like humor. When you have to explain it, it's bad. — Cory House
2026-08-24 05:38:37 UTC | Move fast and don't break the build. — Sandeep
2026-08-24 07:00:39 UTC | Ship small. Ship often. Ship green.
2026-08-24 07:58:58 UTC | The best error message is the one that never shows up. — Thomas Fuchs
2026-08-24 08:49:39 UTC | Any fool can write code that a computer can understand. Good programmers write code that humans can understand. — Martin Fowler
2026-08-24 09:49:31 UTC | Programs must be written for people to read. — Harold Abelson
2026-08-24 10:38:15 UTC | Cron doesn't sleep, and neither do good backends.
2026-08-24 11:29:46 UTC | Latency is a feature — until it isn't.
2026-08-24 12:52:27 UTC | Cron doesn't sleep, and neither do good backends.
2026-08-24 13:52:42 UTC | Talk is cheap. Show me the code. — Linus Torvalds
2026-08-24 14:43:10 UTC | Latency is a feature — until it isn't.
2026-08-24 15:39:56 UTC | First, solve the problem. Then, write the code. — John Johnson
2026-08-24 16:38:27 UTC | Code is like humor. When you have to explain it, it's bad. — Cory House
2026-08-24 17:31:49 UTC | Move fast and don't break the build. — Sandeep
2026-08-24 18:41:31 UTC | Premature optimization is the root of all evil. — Donald Knuth
2026-08-24 19:30:26 UTC | Move fast and don't break the build. — Sandeep
2026-08-24 20:31:23 UTC | First, solve the problem. Then, write the code. — John Johnson
2026-08-24 21:30:21 UTC | Cron doesn't sleep, and neither do good backends.
2026-08-24 22:27:45 UTC | Cron doesn't sleep, and neither do good backends.
2026-08-24 23:22:59 UTC | The graph stays green when discipline stays daily.
2026-08-25 01:19:47 UTC | The best error message is the one that never shows up. — Thomas Fuchs
2026-08-25 02:59:27 UTC | Premature optimization is the root of all evil. — Donald Knuth
2026-08-25 03:50:04 UTC | Simplicity is the soul of efficiency. — Austin Freeman
2026-08-25 04:40:00 UTC | The graph stays green when discipline stays daily.
2026-08-25 05:32:24 UTC | Move fast and don't break the build. — Sandeep
2026-08-25 06:50:50 UTC | Move fast and don't break the build. — Sandeep
2026-08-25 07:44:18 UTC | Make it work, make it right, make it fast. — Kent Beck
2026-08-25 08:43:14 UTC | First, solve the problem. Then, write the code. — John Johnson
2026-08-25 09:36:30 UTC | Any fool can write code that a computer can understand. Good programmers write code that humans can understand. — Martin Fowler
2026-08-25 10:34:06 UTC | Move fast and don't break the build. — Sandeep
2026-08-25 11:28:41 UTC | The best error message is the one that never shows up. — Thomas Fuchs
2026-08-25 12:49:47 UTC | Latency is a feature — until it isn't.
2026-08-25 13:51:25 UTC | Simplicity is the soul of efficiency. — Austin Freeman
2026-08-25 14:47:07 UTC | Simplicity is the soul of efficiency. — Austin Freeman
2026-08-25 15:43:01 UTC | Any fool can write code that a computer can understand. Good programmers write code that humans can understand. — Martin Fowler
2026-08-25 16:38:47 UTC | Move fast and don't break the build. — Sandeep
2026-08-25 17:32:59 UTC | Make it work, make it right, make it fast. — Kent Beck
2026-08-25 18:40:36 UTC | Code is like humor. When you have to explain it, it's bad. — Cory House
2026-08-25 19:32:44 UTC | Code is like humor. When you have to explain it, it's bad. — Cory House
2026-08-25 20:30:09 UTC | Simplicity is the soul of efficiency. — Austin Freeman
2026-08-25 21:29:07 UTC | Any fool can write code that a computer can understand. Good programmers write code that humans can understand. — Martin Fowler
2026-08-25 22:28:46 UTC | Premature optimization is the root of all evil. — Donald Knuth
2026-08-25 23:25:29 UTC | The graph stays green when discipline stays daily.
2026-08-26 01:22:31 UTC | Ship small. Ship often. Ship green.
2026-08-26 03:06:17 UTC | First, solve the problem. Then, write the code. — John Johnson
2026-08-26 04:40:59 UTC | Any fool can write code that a computer can understand. Good programmers write code that humans can understand. — Martin Fowler
2026-08-26 05:34:57 UTC | Simplicity is the soul of efficiency. — Austin Freeman
2026-08-26 06:51:51 UTC | Talk is cheap. Show me the code. — Linus Torvalds
2026-08-26 07:47:58 UTC | Programs must be written for people to read. — Harold Abelson
2026-08-26 08:44:58 UTC | Programs must be written for people to read. — Harold Abelson
2026-08-26 09:42:40 UTC | Programs must be written for people to read. — Harold Abelson
2026-08-26 10:36:19 UTC | Latency is a feature — until it isn't.
2026-08-26 11:31:11 UTC | Move fast and don't break the build. — Sandeep
2026-08-26 12:54:31 UTC | Ship small. Ship often. Ship green.
2026-08-26 13:55:41 UTC | The best error message is the one that never shows up. — Thomas Fuchs
2026-08-26 14:45:45 UTC | Code is like humor. When you have to explain it, it's bad. — Cory House
2026-08-26 16:18:24 UTC | Simplicity is the soul of efficiency. — Austin Freeman
2026-08-26 19:04:11 UTC | Move fast and don't break the build. — Sandeep
2026-08-26 21:46:24 UTC | Cron doesn't sleep, and neither do good backends.
2026-08-27 02:59:06 UTC | Ship small. Ship often. Ship green.
2026-08-27 13:53:20 UTC | Move fast and don't break the build. — Sandeep
2026-08-27 23:38:51 UTC | Programs must be written for people to read. — Harold Abelson
2026-08-28 10:07:07 UTC | Latency is a feature — until it isn't.
2026-08-28 21:19:36 UTC | Cron doesn't sleep, and neither do good backends.
2026-08-29 03:33:02 UTC | Code is like humor. When you have to explain it, it's bad. — Cory House
2026-08-29 10:53:19 UTC | First, solve the problem. Then, write the code. — John Johnson
2026-08-29 15:31:16 UTC | Programs must be written for people to read. — Harold Abelson
2026-08-29 19:15:26 UTC | Programs must be written for people to read. — Harold Abelson
2026-08-29 22:27:24 UTC | Cron doesn't sleep, and neither do good backends.
2026-08-30 01:08:17 UTC | Premature optimization is the root of all evil. — Donald Knuth
2026-08-30 07:59:46 UTC | Cron doesn't sleep, and neither do good backends.
2026-08-30 13:37:56 UTC | Premature optimization is the root of all evil. — Donald Knuth
2026-08-30 17:57:54 UTC | Move fast and don't break the build. — Sandeep
2026-08-30 20:42:15 UTC | Premature optimization is the root of all evil. — Donald Knuth
2026-08-30 23:16:06 UTC | Make it work, make it right, make it fast. — Kent Beck
2026-08-31 04:18:50 UTC | Programs must be written for people to read. — Harold Abelson
2026-08-31 11:24:56 UTC | Any fool can write code that a computer can understand. Good programmers write code that humans can understand. — Martin Fowler
